// Jest Snapshot v1, https://goo.gl/fbAQLP

exports[`My first test suite! correctly renders 1`] = `ShallowWrapper {}`;
